Archive member included to satisfy reference by file (symbol)

c:/st/stm32cubeide_1.2.0/stm32cubeide/plugins/com.st.stm32cube.ide.mcu.externaltools.gnu-tools-for-stm32.7-2018-q2-update.win32_1.0.0.201904181610/tools/bin/../lib/gcc/arm-none-eabi/7.3.1/../../../../arm-none-eabi/lib/thumb/v7-m\libc_nano.a(lib_a-errno.o)
                              Src/syscalls.o (__errno)
c:/st/stm32cubeide_1.2.0/stm32cubeide/plugins/com.st.stm32cube.ide.mcu.externaltools.gnu-tools-for-stm32.7-2018-q2-update.win32_1.0.0.201904181610/tools/bin/../lib/gcc/arm-none-eabi/7.3.1/../../../../arm-none-eabi/lib/thumb/v7-m\libc_nano.a(lib_a-exit.o)
                              c:/st/stm32cubeide_1.2.0/stm32cubeide/plugins/com.st.stm32cube.ide.mcu.externaltools.gnu-tools-for-stm32.7-2018-q2-update.win32_1.0.0.201904181610/tools/bin/../lib/gcc/arm-none-eabi/7.3.1/../../../../arm-none-eabi/lib/thumb/v7-m/crt0.o (exit)
c:/st/stm32cubeide_1.2.0/stm32cubeide/plugins/com.st.stm32cube.ide.mcu.externaltools.gnu-tools-for-stm32.7-2018-q2-update.win32_1.0.0.201904181610/tools/bin/../lib/gcc/arm-none-eabi/7.3.1/../../../../arm-none-eabi/lib/thumb/v7-m\libc_nano.a(lib_a-impure.o)
                              c:/st/stm32cubeide_1.2.0/stm32cubeide/plugins/com.st.stm32cube.ide.mcu.externaltools.gnu-tools-for-stm32.7-2018-q2-update.win32_1.0.0.201904181610/tools/bin/../lib/gcc/arm-none-eabi/7.3.1/../../../../arm-none-eabi/lib/thumb/v7-m\libc_nano.a(lib_a-exit.o) (_global_impure_ptr)
c:/st/stm32cubeide_1.2.0/stm32cubeide/plugins/com.st.stm32cube.ide.mcu.externaltools.gnu-tools-for-stm32.7-2018-q2-update.win32_1.0.0.201904181610/tools/bin/../lib/gcc/arm-none-eabi/7.3.1/../../../../arm-none-eabi/lib/thumb/v7-m\libc_nano.a(lib_a-init.o)
                              c:/st/stm32cubeide_1.2.0/stm32cubeide/plugins/com.st.stm32cube.ide.mcu.externaltools.gnu-tools-for-stm32.7-2018-q2-update.win32_1.0.0.201904181610/tools/bin/../lib/gcc/arm-none-eabi/7.3.1/../../../../arm-none-eabi/lib/thumb/v7-m/crt0.o (__libc_init_array)
c:/st/stm32cubeide_1.2.0/stm32cubeide/plugins/com.st.stm32cube.ide.mcu.externaltools.gnu-tools-for-stm32.7-2018-q2-update.win32_1.0.0.201904181610/tools/bin/../lib/gcc/arm-none-eabi/7.3.1/../../../../arm-none-eabi/lib/thumb/v7-m\libc_nano.a(lib_a-memset.o)
                              c:/st/stm32cubeide_1.2.0/stm32cubeide/plugins/com.st.stm32cube.ide.mcu.externaltools.gnu-tools-for-stm32.7-2018-q2-update.win32_1.0.0.201904181610/tools/bin/../lib/gcc/arm-none-eabi/7.3.1/../../../../arm-none-eabi/lib/thumb/v7-m/crt0.o (memset)

Allocating common symbols
Common symbol       size              file

tekst               0x2               Src/main.o
RX_Buff             0x14              Src/main.o
hadc2               0x30              Src/adc.o
pom7                0x1               Src/main.o
uwTick              0x4               Drivers/STM32F1xx_HAL_Driver/stm32f1xx_hal.o
pFlash              0x20              Drivers/STM32F1xx_HAL_Driver/stm32f1xx_hal_flash.o
ADCValueFront       0x2               Src/main.o
htim3               0x40              Src/tim.o
pom2                0x1               Src/main.o
hadc1               0x30              Src/adc.o
pom9                0x1               Src/main.o
i                   0x4               Src/main.o
pom1                0x1               Src/main.o
huart1              0x40              Src/usart.o
pom5                0x1               Src/main.o
pom6                0x1               Src/main.o
htim1               0x40              Src/tim.o
ADCValueLeft        0x2               Src/main.o
pom10               0x1               Src/main.o
pom3                0x1               Src/main.o
koniec              0x1               Src/main.o
skandal             0x28              Src/main.o
pom8                0x1               Src/main.o
huart2              0x40              Src/usart.o
trasa               0x1               Src/main.o
pom4                0x1               Src/main.o
dzialanie           0x1               Src/main.o

Discarded input sections

 .text          0x0000000000000000        0x0 c:/st/stm32cubeide_1.2.0/stm32cubeide/plugins/com.st.stm32cube.ide.mcu.externaltools.gnu-tools-for-stm32.7-2018-q2-update.win32_1.0.0.201904181610/tools/bin/../lib/gcc/arm-none-eabi/7.3.1/thumb/v7-m/crti.o
 .data          0x0000000000000000        0x0 c:/st/stm32cubeide_1.2.0/stm32cubeide/plugins/com.st.stm32cube.ide.mcu.externaltools.gnu-tools-for-stm32.7-2018-q2-update.win32_1.0.0.201904181610/tools/bin/../lib/gcc/arm-none-eabi/7.3.1/thumb/v7-m/crti.o
 .bss           0x0000000000000000        0x0 c:/st/stm32cubeide_1.2.0/stm32cubeide/plugins/com.st.stm32cube.ide.mcu.externaltools.gnu-tools-for-stm32.7-2018-q2-update.win32_1.0.0.201904181610/tools/bin/../lib/gcc/arm-none-eabi/7.3.1/thumb/v7-m/crti.o
[...]
Memory Configuration

Name             Origin             Length             Attributes
RAM              0x0000000020000000 0x0000000000005000 xrw
FLASH            0x0000000008000000 0x0000000000020000 xr
*default*        0x0000000000000000 0xffffffffffffffff

Linker script and memory map

LOAD c:/st/stm32cubeide_1.2.0/stm32cubeide/plugins/com.st.stm32cube.ide.mcu.externaltools.gnu-tools-for-stm32.7-2018-q2-update.win32_1.0.0.201904181610/tools/bin/../lib/gcc/arm-none-eabi/7.3.1/thumb/v7-m/crti.o
LOAD c:/st/stm32cubeide_1.2.0/stm32cubeide/plugins/com.st.stm32cube.ide.mcu.externaltools.gnu-tools-for-stm32.7-2018-q2-update.win32_1.0.0.201904181610/tools/bin/../lib/gcc/arm-none-eabi/7.3.1/thumb/v7-m/crtbegin.o
LOAD c:/st/stm32cubeide_1.2.0/stm32cubeide/plugins/com.st.stm32cube.ide.mcu.externaltools.gnu-tools-for-stm32.7-2018-q2-update.win32_1.0.0.201904181610/tools/bin/../lib/gcc/arm-none-eabi/7.3.1/../../../../arm-none-eabi/lib/thumb/v7-m/crt0.o
LOAD Drivers/STM32F1xx_HAL_Driver/stm32f1xx_hal.o
LOAD Drivers/STM32F1xx_HAL_Driver/stm32f1xx_hal_adc.o
LOAD Drivers/STM32F1xx_HAL_Driver/stm32f1xx_hal_adc_ex.o
LOAD Drivers/STM32F1xx_HAL_Driver/stm32f1xx_hal_cortex.o
LOAD Drivers/STM32F1xx_HAL_Driver/stm32f1xx_hal_dma.o
LOAD Drivers/STM32F1xx_HAL_Driver/stm32f1xx_hal_exti.o
LOAD Drivers/STM32F1xx_HAL_Driver/stm32f1xx_hal_flash.o
LOAD Drivers/STM32F1xx_HAL_Driver/stm32f1xx_hal_flash_ex.o
LOAD Drivers/STM32F1xx_HAL_Driver/stm32f1xx_hal_gpio.o
LOAD Drivers/STM32F1xx_HAL_Driver/stm32f1xx_hal_gpio_ex.o
LOAD Drivers/STM32F1xx_HAL_Driver/stm32f1xx_hal_pwr.o
LOAD Drivers/STM32F1xx_HAL_Driver/stm32f1xx_hal_rcc.o
LOAD Drivers/STM32F1xx_HAL_Driver/stm32f1xx_hal_rcc_ex.o
LOAD Drivers/STM32F1xx_HAL_Driver/stm32f1xx_hal_tim.o
LOAD Drivers/STM32F1xx_HAL_Driver/stm32f1xx_hal_tim_ex.o
LOAD Drivers/STM32F1xx_HAL_Driver/stm32f1xx_hal_uart.o
LOAD Src/adc.o
LOAD Src/gpio.o
LOAD Src/main.o
LOAD Src/stm32f1xx_hal_msp.o
LOAD Src/stm32f1xx_it.o
LOAD Src/syscalls.o
LOAD Src/sysmem.o
LOAD Src/system_stm32f1xx.o
LOAD Src/tim.o
LOAD Src/usart.o
LOAD Startup/startup_stm32f103rbtx.o
START GROUP
LOAD c:/st/stm32cubeide_1.2.0/stm32cubeide/plugins/com.st.stm32cube.ide.mcu.externaltools.gnu-tools-for-stm32.7-2018-q2-update.win32_1.0.0.201904181610/tools/bin/../lib/gcc/arm-none-eabi/7.3.1/../../../../arm-none-eabi/lib/thumb/v7-m\libc_nano.a
LOAD c:/st/stm32cubeide_1.2.0/stm32cubeide/plugins/com.st.stm32cube.ide.mcu.externaltools.gnu-tools-for-stm32.7-2018-q2-update.win32_1.0.0.201904181610/tools/bin/../lib/gcc/arm-none-eabi/7.3.1/../../../../arm-none-eabi/lib/thumb/v7-m\libm.a
END GROUP
START GROUP
LOAD c:/st/stm32cubeide_1.2.0/stm32cubeide/plugins/com.st.stm32cube.ide.mcu.externaltools.gnu-tools-for-stm32.7-2018-q2-update.win32_1.0.0.201904181610/tools/bin/../lib/gcc/arm-none-eabi/7.3.1/thumb/v7-m\libgcc.a
LOAD c:/st/stm32cubeide_1.2.0/stm32cubeide/plugins/com.st.stm32cube.ide.mcu.externaltools.gnu-tools-for-stm32.7-2018-q2-update.win32_1.0.0.201904181610/tools/bin/../lib/gcc/arm-none-eabi/7.3.1/../../../../arm-none-eabi/lib/thumb/v7-m\libc_nano.a
END GROUP
START GROUP
LOAD c:/st/stm32cubeide_1.2.0/stm32cubeide/plugins/com.st.stm32cube.ide.mcu.externaltools.gnu-tools-for-stm32.7-2018-q2-update.win32_1.0.0.201904181610/tools/bin/../lib/gcc/arm-none-eabi/7.3.1/thumb/v7-m\libgcc.a
LOAD c:/st/stm32cubeide_1.2.0/stm32cubeide/plugins/com.st.stm32cube.ide.mcu.externaltools.gnu-tools-for-stm32.7-2018-q2-update.win32_1.0.0.201904181610/tools/bin/../lib/gcc/arm-none-eabi/7.3.1/../../../../arm-none-eabi/lib/thumb/v7-m\libc_nano.a
LOAD c:/st/stm32cubeide_1.2.0/stm32cubeide/plugins/com.st.stm32cube.ide.mcu.externaltools.gnu-tools-for-stm32.7-2018-q2-update.win32_1.0.0.201904181610/tools/bin/../lib/gcc/arm-none-eabi/7.3.1/../../../../arm-none-eabi/lib/thumb/v7-m\libnosys.a
END GROUP
START GROUP
LOAD c:/st/stm32cubeide_1.2.0/stm32cubeide/plugins/com.st.stm32cube.ide.mcu.externaltools.gnu-tools-for-stm32.7-2018-q2-update.win32_1.0.0.201904181610/tools/bin/../lib/gcc/arm-none-eabi/7.3.1/thumb/v7-m\libgcc.a
LOAD c:/st/stm32cubeide_1.2.0/stm32cubeide/plugins/com.st.stm32cube.ide.mcu.externaltools.gnu-tools-for-stm32.7-2018-q2-update.win32_1.0.0.201904181610/tools/bin/../lib/gcc/arm-none-eabi/7.3.1/../../../../arm-none-eabi/lib/thumb/v7-m\libc_nano.a
LOAD c:/st/stm32cubeide_1.2.0/stm32cubeide/plugins/com.st.stm32cube.ide.mcu.externaltools.gnu-tools-for-stm32.7-2018-q2-update.win32_1.0.0.201904181610/tools/bin/../lib/gcc/arm-none-eabi/7.3.1/../../../../arm-none-eabi/lib/thumb/v7-m\libnosys.a
END GROUP
LOAD c:/st/stm32cubeide_1.2.0/stm32cubeide/plugins/com.st.stm32cube.ide.mcu.externaltools.gnu-tools-for-stm32.7-2018-q2-update.win32_1.0.0.201904181610/tools/bin/../lib/gcc/arm-none-eabi/7.3.1/thumb/v7-m/crtend.o
LOAD c:/st/stm32cubeide_1.2.0/stm32cubeide/plugins/com.st.stm32cube.ide.mcu.externaltools.gnu-tools-for-stm32.7-2018-q2-update.win32_1.0.0.201904181610/tools/bin/../lib/gcc/arm-none-eabi/7.3.1/thumb/v7-m/crtn.o
                0x0000000020005000                _estack = 0x20005000
                0x0000000000000200                _Min_Heap_Size = 0x200
                0x0000000000000400                _Min_Stack_Size = 0x400

.isr_vector     0x0000000008000000      0x10c
                0x0000000008000000                . = ALIGN (0x4)
 *(.isr_vector)
 .isr_vector    0x0000000008000000      0x10c Startup/startup_stm32f103rbtx.o
                0x0000000008000000                g_pfnVectors
                0x000000000800010c                . = ALIGN (0x4)

.text           0x000000000800010c     0x3ee0
                0x000000000800010c                . = ALIGN (0x4)
 *(.text)
 .text          0x000000000800010c       0x40 c:/st/stm32cubeide_1.2.0/stm32cubeide/plugins/com.st.stm32cube.ide.mcu.externaltools.gnu-tools-for-stm32.7-2018-q2-update.win32_1.0.0.201904181610/tools/bin/../lib/gcc/arm-none-eabi/7.3.1/thumb/v7-m/crtbegin.o
 *(.text*)
 .text.HAL_Init
                0x000000000800014c       0x2c Drivers/STM32F1xx_HAL_Driver/stm32f1xx_hal.o
                0x000000000800014c                HAL_Init
 .text.HAL_InitTick
                0x0000000008000178       0x60 Drivers/STM32F1xx_HAL_Driver/stm32f1xx_hal.o
                0x0000000008000178                HAL_InitTick
 .text.HAL_IncTick
                0x00000000080001d8       0x24 Drivers/STM32F1xx_HAL_Driver/stm32f1xx_hal.o
                0x00000000080001d8                HAL_IncTick
 .text.HAL_GetTick
                0x00000000080001fc       0x14 Drivers/STM32F1xx_HAL_Driver/stm32f1xx_hal.o
                0x00000000080001fc                HAL_GetTick
 .text.HAL_Delay
                0x0000000008000210       0x44 Drivers/STM32F1xx_HAL_Driver/stm32f1xx_hal.o
                0x0000000008000210                HAL_Delay
 .text.HAL_ADC_Init
                0x0000000008000254      0x1b0 Drivers/STM32F1xx_HAL_Driver/stm32f1xx_hal_adc.o
                0x0000000008000254                HAL_ADC_Init
 .text.HAL_ADC_Start
                0x0000000008000404      0x15c Drivers/STM32F1xx_HAL_Driver/stm32f1xx_hal_adc.o
                0x0000000008000404                HAL_ADC_Start
 .text.HAL_ADC_PollForConversion
                0x0000000008000560      0x1f4 Drivers/STM32F1xx_HAL_Driver/stm32f1xx_hal_adc.o
                0x0000000008000560                HAL_ADC_PollForConversion
 .text.HAL_ADC_GetValue
                0x0000000008000754       0x18 Drivers/STM32F1xx_HAL_Driver/stm32f1xx_hal_adc.o
                0x0000000008000754                HAL_ADC_GetValue
 .text.HAL_ADC_ConfigChannel
                0x000000000800076c      0x1f0 Drivers/STM32F1xx_HAL_Driver/stm32f1xx_hal_adc.o
                0x000000000800076c                HAL_ADC_ConfigChannel
 .text.ADC_Enable
                0x000000000800095c       0xa4 Drivers/STM32F1xx_HAL_Driver/stm32f1xx_hal_adc.o
                0x000000000800095c                ADC_Enable
 .text.ADC_ConversionStop_Disable
                0x0000000008000a00       0x74 Drivers/STM32F1xx_HAL_Driver/stm32f1xx_hal_adc.o
                0x0000000008000a00                ADC_ConversionStop_Disable
 .text.HAL_ADCEx_InjectedConfigChannel
                0x0000000008000a74      0x32c Drivers/STM32F1xx_HAL_Driver/stm32f1xx_hal_adc_ex.o
                0x0000000008000a74                HAL_ADCEx_InjectedConfigChannel
 .text.__NVIC_SetPriorityGrouping
                0x0000000008000da0       0x48 Drivers/STM32F1xx_HAL_Driver/stm32f1xx_hal_cortex.o
 .text.__NVIC_GetPriorityGrouping
                0x0000000008000de8       0x1c Drivers/STM32F1xx_HAL_Driver/stm32f1xx_hal_cortex.o
 .text.__NVIC_EnableIRQ
                0x0000000008000e04       0x38 Drivers/STM32F1xx_HAL_Driver/stm32f1xx_hal_cortex.o
 .text.__NVIC_SetPriority
                0x0000000008000e3c       0x54 Drivers/STM32F1xx_HAL_Driver/stm32f1xx_hal_cortex.o
 .text.NVIC_EncodePriority
                0x0000000008000e90       0x64 Drivers/STM32F1xx_HAL_Driver/stm32f1xx_hal_cortex.o
 .text.SysTick_Config
                0x0000000008000ef4       0x44 Drivers/STM32F1xx_HAL_Driver/stm32f1xx_hal_cortex.o
 .text.HAL_NVIC_SetPriorityGrouping
                0x0000000008000f38       0x16 Drivers/STM32F1xx_HAL_Driver/stm32f1xx_hal_cortex.o
                0x0000000008000f38                HAL_NVIC_SetPriorityGrouping
 .text.HAL_NVIC_SetPriority
                0x0000000008000f4e       0x38 Drivers/STM32F1xx_HAL_Driver/stm32f1xx_hal_cortex.o
                0x0000000008000f4e                HAL_NVIC_SetPriority
 .text.HAL_NVIC_EnableIRQ
                0x0000000008000f86       0x1c Drivers/STM32F1xx_HAL_Driver/stm32f1xx_hal_cortex.o
                0x0000000008000f86                HAL_NVIC_EnableIRQ
 .text.HAL_SYSTICK_Config
                0x0000000008000fa2       0x18 Drivers/STM32F1xx_HAL_Driver/stm32f1xx_hal_cortex.o
                0x0000000008000fa2                HAL_SYSTICK_Config
 *fill*         0x0000000008000fba        0x2 
 .text.HAL_GPIO_Init
                0x0000000008000fbc      0x2b4 Drivers/STM32F1xx_HAL_Driver/stm32f1xx_hal_gpio.o
                0x0000000008000fbc                HAL_GPIO_Init
 .text.HAL_GPIO_WritePin
                0x0000000008001270       0x30 Drivers/STM32F1xx_HAL_Driver/stm32f1xx_hal_gpio.o
                0x0000000008001270                HAL_GPIO_WritePin
 .text.HAL_GPIO_EXTI_IRQHandler
                0x00000000080012a0       0x30 Drivers/STM32F1xx_HAL_Driver/stm32f1xx_hal_gpio.o
                0x00000000080012a0                HAL_GPIO_EXTI_IRQHandler
 .text.HAL_GPIO_EXTI_Callback
                0x00000000080012d0       0x14 Drivers/STM32F1xx_HAL_Driver/stm32f1xx_hal_gpio.o
                0x00000000080012d0                HAL_GPIO_EXTI_Callback
 .text.HAL_RCC_OscConfig
                0x00000000080012e4      0x500 Drivers/STM32F1xx_HAL_Driver/stm32f1xx_hal_rcc.o
                0x00000000080012e4                HAL_RCC_OscConfig
 .text.HAL_RCC_ClockConfig
                0x00000000080017e4      0x1d4 Drivers/STM32F1xx_HAL_Driver/stm32f1xx_hal_rcc.o
                0x00000000080017e4                HAL_RCC_ClockConfig
 .text.HAL_RCC_GetSysClockFreq
                0x00000000080019b8       0xc4 Drivers/STM32F1xx_HAL_Driver/stm32f1xx_hal_rcc.o
                0x00000000080019b8                HAL_RCC_GetSysClockFreq
 .text.HAL_RCC_GetHCLKFreq
                0x0000000008001a7c       0x14 Drivers/STM32F1xx_HAL_Driver/stm32f1xx_hal_rcc.o
                0x0000000008001a7c                HAL_RCC_GetHCLKFreq
 .text.HAL_RCC_GetPCLK1Freq
                0x0000000008001a90       0x28 Drivers/STM32F1xx_HAL_Driver/stm32f1xx_hal_rcc.o
                0x0000000008001a90                HAL_RCC_GetPCLK1Freq
 .text.HAL_RCC_GetPCLK2Freq
                0x0000000008001ab8       0x28 Drivers/STM32F1xx_HAL_Driver/stm32f1xx_hal_rcc.o
                0x0000000008001ab8                HAL_RCC_GetPCLK2Freq
 .text.RCC_Delay
                0x0000000008001ae0       0x3c Drivers/STM32F1xx_HAL_Driver/stm32f1xx_hal_rcc.o
 .text.HAL_RCCEx_PeriphCLKConfig
                0x0000000008001b1c      0x16c Drivers/STM32F1xx_HAL_Driver/stm32f1xx_hal_rcc_ex.o
                0x0000000008001b1c                HAL_RCCEx_PeriphCLKConfig
 .text.HAL_RCCEx_GetPeriphCLKFreq
                0x0000000008001c88      0x178 Drivers/STM32F1xx_HAL_Driver/stm32f1xx_hal_rcc_ex.o
                0x0000000008001c88                HAL_RCCEx_GetPeriphCLKFreq
 .text.HAL_TIM_Base_Init
                0x0000000008001e00       0x56 Drivers/STM32F1xx_HAL_Driver/stm32f1xx_hal_tim.o
                0x0000000008001e00                HAL_TIM_Base_Init
 .text.HAL_TIM_PWM_Init
                0x0000000008001e56       0x56 Drivers/STM32F1xx_HAL_Driver/stm32f1xx_hal_tim.o
                0x0000000008001e56                HAL_TIM_PWM_Init
 .text.HAL_TIM_PWM_MspInit
                0x0000000008001eac       0x12 Drivers/STM32F1xx_HAL_Driver/stm32f1xx_hal_tim.o
                0x0000000008001eac                HAL_TIM_PWM_MspInit
 *fill*         0x0000000008001ebe        0x2 
 .text.HAL_TIM_PWM_Start
                0x0000000008001ec0       0x64 Drivers/STM32F1xx_HAL_Driver/stm32f1xx_hal_tim.o
                0x0000000008001ec0                HAL_TIM_PWM_Start
 .text.HAL_TIM_PWM_Stop
                0x0000000008001f24       0x98 Drivers/STM32F1xx_HAL_Driver/stm32f1xx_hal_tim.o
                0x0000000008001f24                HAL_TIM_PWM_Stop
 .text.HAL_TIM_PWM_ConfigChannel
                0x0000000008001fbc      0x18c Drivers/STM32F1xx_HAL_Driver/stm32f1xx_hal_tim.o
                0x0000000008001fbc                HAL_TIM_PWM_ConfigChannel
 .text.HAL_TIM_ConfigClockSource
                0x0000000008002148      0x16e Drivers/STM32F1xx_HAL_Driver/stm32f1xx_hal_tim.o
                0x0000000008002148                HAL_TIM_ConfigClockSource
 *fill*         0x00000000080022b6        0x2 
 .text.TIM_Base_SetConfig
                0x00000000080022b8       0xc4 Drivers/STM32F1xx_HAL_Driver/stm32f1xx_hal_tim.o
                0x00000000080022b8                TIM_Base_SetConfig
 .text.TIM_OC1_SetConfig
                0x000000000800237c       0xcc Drivers/STM32F1xx_HAL_Driver/stm32f1xx_hal_tim.o
 .text.TIM_OC2_SetConfig
                0x0000000008002448       0xd4 Drivers/STM32F1xx_HAL_Driver/stm32f1xx_hal_tim.o
                0x0000000008002448                TIM_OC2_SetConfig
 .text.TIM_OC3_SetConfig
                0x000000000800251c       0xd4 Drivers/STM32F1xx_HAL_Driver/stm32f1xx_hal_tim.o
 .text.TIM_OC4_SetConfig
                0x00000000080025f0       0x9c Drivers/STM32F1xx_HAL_Driver/stm32f1xx_hal_tim.o
 .text.TIM_TI1_ConfigInputStage
                0x000000000800268c       0x5c Drivers/STM32F1xx_HAL_Driver/stm32f1xx_hal_tim.o
 .text.TIM_TI2_ConfigInputStage
                0x00000000080026e8       0x5e Drivers/STM32F1xx_HAL_Driver/stm32f1xx_hal_tim.o
 .text.TIM_ITRx_SetConfig
                0x0000000008002746       0x34 Drivers/STM32F1xx_HAL_Driver/stm32f1xx_hal_tim.o
 .text.TIM_ETR_SetConfig
                0x000000000800277a       0x3e Drivers/STM32F1xx_HAL_Driver/stm32f1xx_hal_tim.o
                0x000000000800277a                TIM_ETR_SetConfig
 .text.TIM_CCxChannelCmd
                0x00000000080027b8       0x48 Drivers/STM32F1xx_HAL_Driver/stm32f1xx_hal_tim.o
                0x00000000080027b8                TIM_CCxChannelCmd
 .text.HAL_TIMEx_MasterConfigSynchronization
                0x0000000008002800       0x88 Drivers/STM32F1xx_HAL_Driver/stm32f1xx_hal_tim_ex.o
                0x0000000008002800                HAL_TIMEx_MasterConfigSynchronization
 .text.HAL_TIMEx_ConfigBreakDeadTime
                0x0000000008002888       0xa2 Drivers/STM32F1xx_HAL_Driver/stm32f1xx_hal_tim_ex.o
                0x0000000008002888                HAL_TIMEx_ConfigBreakDeadTime
 .text.HAL_UART_Init
                0x000000000800292a       0x9a Drivers/STM32F1xx_HAL_Driver/stm32f1xx_hal_uart.o
                0x000000000800292a                HAL_UART_Init
 .text.HAL_UART_Transmit
                0x00000000080029c4      0x132 Drivers/STM32F1xx_HAL_Driver/stm32f1xx_hal_uart.o
                0x00000000080029c4                HAL_UART_Transmit
 .text.HAL_UART_Receive
                0x0000000008002af6      0x14c Drivers/STM32F1xx_HAL_Driver/stm32f1xx_hal_uart.o
                0x0000000008002af6                HAL_UART_Receive
 .text.UART_WaitOnFlagUntilTimeout
                0x0000000008002c42       0x94 Drivers/STM32F1xx_HAL_Driver/stm32f1xx_hal_uart.o
 *fill*         0x0000000008002cd6        0x2 
 .text.UART_SetConfig
                0x0000000008002cd8      0x1b4 Drivers/STM32F1xx_HAL_Driver/stm32f1xx_hal_uart.o
 .text.MX_ADC1_Init
                0x0000000008002e8c       0xc8 Src/adc.o
                0x0000000008002e8c                MX_ADC1_Init
 .text.MX_ADC2_Init
                0x0000000008002f54       0x7c Src/adc.o
                0x0000000008002f54                MX_ADC2_Init
 .text.HAL_ADC_MspInit
                0x0000000008002fd0       0xcc Src/adc.o
                0x0000000008002fd0                HAL_ADC_MspInit
 .text.MX_GPIO_Init
                0x000000000800309c      0x10c Src/gpio.o
                0x000000000800309c                MX_GPIO_Init
 .text.main     0x00000000080031a8      0x438 Src/main.o
                0x00000000080031a8                main
 .text.SystemClock_Config
                0x00000000080035e0       0xb8 Src/main.o
                0x00000000080035e0                SystemClock_Config
 .text.pomiar   0x0000000008003698       0x5c Src/main.o
                0x0000000008003698                pomiar
 .text.jazdaPrzod
                0x00000000080036f4       0xa4 Src/main.o
                0x00000000080036f4                jazdaPrzod
 .text.jazdaLewo
                0x0000000008003798       0xa4 Src/main.o
                0x0000000008003798                jazdaLewo
 .text.jazdaPrawo
                0x000000000800383c       0xa4 Src/main.o
                0x000000000800383c                jazdaPrawo
 .text.Error_Handler
                0x00000000080038e0        0xc Src/main.o
                0x00000000080038e0                Error_Handler
 .text.HAL_MspInit
                0x00000000080038ec       0x64 Src/stm32f1xx_hal_msp.o
                0x00000000080038ec                HAL_MspInit
 .text.NMI_Handler
                0x0000000008003950        0xc Src/stm32f1xx_it.o
                0x0000000008003950                NMI_Handler
 .text.HardFault_Handler
                0x000000000800395c        0x6 Src/stm32f1xx_it.o
                0x000000000800395c                HardFault_Handler
 .text.MemManage_Handler
                0x0000000008003962        0x6 Src/stm32f1xx_it.o
                0x0000000008003962                MemManage_Handler
 .text.BusFault_Handler
                0x0000000008003968        0x6 Src/stm32f1xx_it.o
                0x0000000008003968                BusFault_Handler
 .text.UsageFault_Handler
                0x000000000800396e        0x6 Src/stm32f1xx_it.o
                0x000000000800396e                UsageFault_Handler
 .text.SVC_Handler
                0x0000000008003974        0xc Src/stm32f1xx_it.o
                0x0000000008003974                SVC_Handler
 .text.DebugMon_Handler
                0x0000000008003980        0xc Src/stm32f1xx_it.o
                0x0000000008003980                DebugMon_Handler
 .text.PendSV_Handler
                0x000000000800398c        0xc Src/stm32f1xx_it.o
                0x000000000800398c                PendSV_Handler
 .text.SysTick_Handler
                0x0000000008003998        0xc Src/stm32f1xx_it.o
                0x0000000008003998                SysTick_Handler
 .text.EXTI15_10_IRQHandler
                0x00000000080039a4       0x10 Src/stm32f1xx_it.o
                0x00000000080039a4                EXTI15_10_IRQHandler
 .text.SystemInit
                0x00000000080039b4       0x68 Src/system_stm32f1xx.o
                0x00000000080039b4                SystemInit
 .text.MX_TIM1_Init
                0x0000000008003a1c      0x140 Src/tim.o
                0x0000000008003a1c                MX_TIM1_Init
 .text.MX_TIM3_Init
                0x0000000008003b5c       0xec Src/tim.o
                0x0000000008003b5c                MX_TIM3_Init
 .text.HAL_TIM_Base_MspInit
                0x0000000008003c48       0x64 Src/tim.o
                0x0000000008003c48                HAL_TIM_Base_MspInit
 .text.HAL_TIM_MspPostInit
                0x0000000008003cac       0xd4 Src/tim.o
                0x0000000008003cac                HAL_TIM_MspPostInit
 .text.MX_USART1_UART_Init
                0x0000000008003d80       0x54 Src/usart.o
                0x0000000008003d80                MX_USART1_UART_Init
 .text.MX_USART2_UART_Init
                0x0000000008003dd4       0x54 Src/usart.o
                0x0000000008003dd4                MX_USART2_UART_Init
 .text.HAL_UART_MspInit
                0x0000000008003e28      0x108 Src/usart.o
                0x0000000008003e28                HAL_UART_MspInit
 .text.Reset_Handler
                0x0000000008003f30       0x48 Startup/startup_stm32f103rbtx.o
                0x0000000008003f30                Reset_Handler
 .text.Default_Handler
                0x0000000008003f78        0x2 Startup/startup_stm32f103rbtx.o
                0x0000000008003f78                RTC_Alarm_IRQHandler
                0x0000000008003f78                EXTI2_IRQHandler
                0x0000000008003f78                TIM1_CC_IRQHandler
                0x0000000008003f78                PVD_IRQHandler
                0x0000000008003f78                EXTI3_IRQHandler
                0x0000000008003f78                EXTI0_IRQHandler
                0x0000000008003f78                I2C2_EV_IRQHandler
                0x0000000008003f78                ADC1_2_IRQHandler
                0x0000000008003f78                SPI1_IRQHandler
                0x0000000008003f78                TAMPER_IRQHandler
                0x0000000008003f78                DMA1_Channel4_IRQHandler
                0x0000000008003f78                USART3_IRQHandler
                0x0000000008003f78                RTC_IRQHandler
                0x0000000008003f78                DMA1_Channel7_IRQHandler
                0x0000000008003f78                CAN1_RX1_IRQHandler
                0x0000000008003f78                TIM4_IRQHandler
                0x0000000008003f78                I2C1_EV_IRQHandler
                0x0000000008003f78                DMA1_Channel6_IRQHandler
                0x0000000008003f78                TIM3_IRQHandler
                0x0000000008003f78                RCC_IRQHandler
                0x0000000008003f78                TIM1_TRG_COM_IRQHandler
                0x0000000008003f78                DMA1_Channel1_IRQHandler
                0x0000000008003f78                Default_Handler
                0x0000000008003f78                EXTI9_5_IRQHandler
                0x0000000008003f78                SPI2_IRQHandler
                0x0000000008003f78                DMA1_Channel5_IRQHandler
                0x0000000008003f78                EXTI4_IRQHandler
                0x0000000008003f78                USB_LP_CAN1_RX0_IRQHandler
                0x0000000008003f78                USB_HP_CAN1_TX_IRQHandler
                0x0000000008003f78                DMA1_Channel3_IRQHandler
                0x0000000008003f78                TIM1_UP_IRQHandler
                0x0000000008003f78                WWDG_IRQHandler
                0x0000000008003f78                TIM2_IRQHandler
                0x0000000008003f78                TIM1_BRK_IRQHandler
                0x0000000008003f78                EXTI1_IRQHandler
                0x0000000008003f78                USART2_IRQHandler
                0x0000000008003f78                I2C2_ER_IRQHandler
                0x0000000008003f78                DMA1_Channel2_IRQHandler
                0x0000000008003f78                CAN1_SCE_IRQHandler
                0x0000000008003f78                FLASH_IRQHandler
                0x0000000008003f78                USART1_IRQHandler
                0x0000000008003f78                I2C1_ER_IRQHandler
                0x0000000008003f78                USBWakeUp_IRQHandler
 *fill*         0x0000000008003f7a        0x2 
 .text.__libc_init_array
                0x0000000008003f7c       0x48 c:/st/stm32cubeide_1.2.0/stm32cubeide/plugins/com.st.stm32cube.ide.mcu.externaltools.gnu-tools-for-stm32.7-2018-q2-update.win32_1.0.0.201904181610/tools/bin/../lib/gcc/arm-none-eabi/7.3.1/../../../../arm-none-eabi/lib/thumb/v7-m\libc_nano.a(lib_a-init.o)
                0x0000000008003f7c                __libc_init_array
 .text.memset   0x0000000008003fc4       0x10 c:/st/stm32cubeide_1.2.0/stm32cubeide/plugins/com.st.stm32cube.ide.mcu.externaltools.gnu-tools-for-stm32.7-2018-q2-update.win32_1.0.0.201904181610/tools/bin/../lib/gcc/arm-none-eabi/7.3.1/../../../../arm-none-eabi/lib/thumb/v7-m\libc_nano.a(lib_a-memset.o)
                0x0000000008003fc4                memset
 *(.glue_7)
 .glue_7        0x0000000008003fd4        0x0 linker stubs
 *(.glue_7t)
 .glue_7t       0x0000000008003fd4        0x0 linker stubs
 *(.eh_frame)
 .eh_frame      0x0000000008003fd4        0x0 c:/st/stm32cubeide_1.2.0/stm32cubeide/plugins/com.st.stm32cube.ide.mcu.externaltools.gnu-tools-for-stm32.7-2018-q2-update.win32_1.0.0.201904181610/tools/bin/../lib/gcc/arm-none-eabi/7.3.1/thumb/v7-m/crtbegin.o
 *(.init)
 .init          0x0000000008003fd4        0x4 c:/st/stm32cubeide_1.2.0/stm32cubeide/plugins/com.st.stm32cube.ide.mcu.externaltools.gnu-tools-for-stm32.7-2018-q2-update.win32_1.0.0.201904181610/tools/bin/../lib/gcc/arm-none-eabi/7.3.1/thumb/v7-m/crti.o
                0x0000000008003fd4                _init
 .init          0x0000000008003fd8        0x8 c:/st/stm32cubeide_1.2.0/stm32cubeide/plugins/com.st.stm32cube.ide.mcu.externaltools.gnu-tools-for-stm32.7-2018-q2-update.win32_1.0.0.201904181610/tools/bin/../lib/gcc/arm-none-eabi/7.3.1/thumb/v7-m/crtn.o
 *(.fini)
 .fini          0x0000000008003fe0        0x4 c:/st/stm32cubeide_1.2.0/stm32cubeide/plugins/com.st.stm32cube.ide.mcu.externaltools.gnu-tools-for-stm32.7-2018-q2-update.win32_1.0.0.201904181610/tools/bin/../lib/gcc/arm-none-eabi/7.3.1/thumb/v7-m/crti.o
                0x0000000008003fe0                _fini
 .fini          0x0000000008003fe4        0x8 c:/st/stm32cubeide_1.2.0/stm32cubeide/plugins/com.st.stm32cube.ide.mcu.externaltools.gnu-tools-for-stm32.7-2018-q2-update.win32_1.0.0.201904181610/tools/bin/../lib/gcc/arm-none-eabi/7.3.1/thumb/v7-m/crtn.o
                0x0000000008003fec                . = ALIGN (0x4)
                0x0000000008003fec                _etext = .

.vfp11_veneer   0x0000000008003fec        0x0
 .vfp11_veneer  0x0000000008003fec        0x0 linker stubs

.v4_bx          0x0000000008003fec        0x0
 .v4_bx         0x0000000008003fec        0x0 linker stubs

.iplt           0x0000000008003fec        0x0
 .iplt          0x0000000008003fec        0x0 c:/st/stm32cubeide_1.2.0/stm32cubeide/plugins/com.st.stm32cube.ide.mcu.externaltools.gnu-tools-for-stm32.7-2018-q2-update.win32_1.0.0.201904181610/tools/bin/../lib/gcc/arm-none-eabi/7.3.1/thumb/v7-m/crtbegin.o

.rodata         0x0000000008003fec       0x40
                0x0000000008003fec                . = ALIGN (0x4)
 *(.rodata)
 .rodata        0x0000000008003fec       0x12 Drivers/STM32F1xx_HAL_Driver/stm32f1xx_hal_rcc.o
 *fill*         0x0000000008003ffe        0x2 
 .rodata        0x0000000008004000       0x12 Drivers/STM32F1xx_HAL_Driver/stm32f1xx_hal_rcc_ex.o
 *(.rodata*)
 *fill*         0x0000000008004012        0x2 
 .rodata.AHBPrescTable
                0x0000000008004014       0x10 Src/system_stm32f1xx.o
                0x0000000008004014                AHBPrescTable
 .rodata.APBPrescTable
                0x0000000008004024        0x8 Src/system_stm32f1xx.o
                0x0000000008004024                APBPrescTable
                0x000000000800402c                . = ALIGN (0x4)

.rel.dyn        0x000000000800402c        0x0
 .rel.iplt      0x000000000800402c        0x0 c:/st/stm32cubeide_1.2.0/stm32cubeide/plugins/com.st.stm32cube.ide.mcu.externaltools.gnu-tools-for-stm32.7-2018-q2-update.win32_1.0.0.201904181610/tools/bin/../lib/gcc/arm-none-eabi/7.3.1/thumb/v7-m/crtbegin.o

.ARM.extab      0x000000000800402c        0x0
                0x000000000800402c                . = ALIGN (0x4)
 *(.ARM.extab* .gnu.linkonce.armextab.*)
                0x000000000800402c                . = ALIGN (0x4)

.ARM            0x000000000800402c        0x0
                0x000000000800402c                . = ALIGN (0x4)
                0x000000000800402c                __exidx_start = .
 *(.ARM.exidx*)
                0x000000000800402c                __exidx_end = .
                0x000000000800402c                . = ALIGN (0x4)

.preinit_array  0x000000000800402c        0x0
                0x000000000800402c                . = ALIGN (0x4)
                0x000000000800402c                PROVIDE (__preinit_array_start = .)
 *(.preinit_array*)
                0x000000000800402c                PROVIDE (__preinit_array_end = .)
                0x000000000800402c                . = ALIGN (0x4)

.init_array     0x000000000800402c        0x4
                0x000000000800402c                . = ALIGN (0x4)
                0x000000000800402c                PROVIDE (__init_array_start = .)
 *(SORT_BY_NAME(.init_array.*))
 *(.init_array*)
 .init_array    0x000000000800402c        0x4 c:/st/stm32cubeide_1.2.0/stm32cubeide/plugins/com.st.stm32cube.ide.mcu.externaltools.gnu-tools-for-stm32.7-2018-q2-update.win32_1.0.0.201904181610/tools/bin/../lib/gcc/arm-none-eabi/7.3.1/thumb/v7-m/crtbegin.o
                0x0000000008004030                PROVIDE (__init_array_end = .)
                0x0000000008004030                . = ALIGN (0x4)

.fini_array     0x0000000008004030        0x4
                0x0000000008004030                . = ALIGN (0x4)
                [!provide]                        PROVIDE (__fini_array_start = .)
 *(SORT_BY_NAME(.fini_array.*))
 *(.fini_array*)
 .fini_array    0x0000000008004030        0x4 c:/st/stm32cubeide_1.2.0/stm32cubeide/plugins/com.st.stm32cube.ide.mcu.externaltools.gnu-tools-for-stm32.7-2018-q2-update.win32_1.0.0.201904181610/tools/bin/../lib/gcc/arm-none-eabi/7.3.1/thumb/v7-m/crtbegin.o
                [!provide]                        PROVIDE (__fini_array_end = .)
                0x0000000008004034                . = ALIGN (0x4)
                0x0000000008004034                _sidata = LOADADDR (.data)

.data           0x0000000020000000       0x14 load address 0x0000000008004034
                0x0000000020000000                . = ALIGN (0x4)
                0x0000000020000000                _sdata = .
 *(.data)
 *(.data*)
 .data.uwTickPrio
                0x0000000020000000        0x4 Drivers/STM32F1xx_HAL_Driver/stm32f1xx_hal.o
                0x0000000020000000                uwTickPrio
 .data.uwTickFreq
                0x0000000020000004        0x1 Drivers/STM32F1xx_HAL_Driver/stm32f1xx_hal.o
                0x0000000020000004                uwTickFreq
 .data.RUN      0x0000000020000005        0x1 Src/main.o
                0x0000000020000005                RUN
 .data.krok     0x0000000020000006        0x2 Src/main.o
                0x0000000020000006                krok
 .data.skret90  0x0000000020000008        0x2 Src/main.o
                0x0000000020000008                skret90
 .data.preskaler
                0x000000002000000a        0x2 Src/main.o
                0x000000002000000a                preskaler
 .data.sygnal   0x000000002000000c        0x2 Src/main.o
                0x000000002000000c                sygnal
 .data.pos      0x000000002000000e        0x1 Src/main.o
                0x000000002000000e                pos
 *fill*         0x000000002000000f        0x1 
 .data.SystemCoreClock
                0x0000000020000010        0x4 Src/system_stm32f1xx.o
                0x0000000020000010                SystemCoreClock
                0x0000000020000014                . = ALIGN (0x4)
                0x0000000020000014                _edata = .

.igot.plt       0x0000000020000014        0x0 load address 0x0000000008004048
 .igot.plt      0x0000000020000014        0x0 c:/st/stm32cubeide_1.2.0/stm32cubeide/plugins/com.st.stm32cube.ide.mcu.externaltools.gnu-tools-for-stm32.7-2018-q2-update.win32_1.0.0.201904181610/tools/bin/../lib/gcc/arm-none-eabi/7.3.1/thumb/v7-m/crtbegin.o
                0x0000000020000014                . = ALIGN (0x4)

.bss            0x0000000020000014      0x208 load address 0x0000000008004048
                0x0000000020000014                _sbss = .
                0x0000000020000014                __bss_start__ = _sbss
 *(.bss)
 .bss           0x0000000020000014       0x1c c:/st/stm32cubeide_1.2.0/stm32cubeide/plugins/com.st.stm32cube.ide.mcu.externaltools.gnu-tools-for-stm32.7-2018-q2-update.win32_1.0.0.201904181610/tools/bin/../lib/gcc/arm-none-eabi/7.3.1/thumb/v7-m/crtbegin.o
 *(.bss*)
 .bss.RUN2      0x0000000020000030        0x1 Src/main.o
                0x0000000020000030                RUN2
 *fill*         0x0000000020000031        0x3 
 .bss.tablica   0x0000000020000034       0x28 Src/main.o
                0x0000000020000034                tablica
 *(COMMON)
 COMMON         0x000000002000005c        0x4 Drivers/STM32F1xx_HAL_Driver/stm32f1xx_hal.o
                0x000000002000005c                uwTick
 COMMON         0x0000000020000060       0x60 Src/adc.o
                0x0000000020000060                hadc2
                0x0000000020000090                hadc1
 COMMON         0x00000000200000c0       0x5c Src/main.o
                0x00000000200000c0                tekst
                0x00000000200000c4                RX_Buff
                0x00000000200000d8                pom7
                0x00000000200000da                ADCValueFront
                0x00000000200000dc                pom2
                0x00000000200000dd                pom9
                0x00000000200000e0                i
                0x00000000200000e4                pom1
                0x00000000200000e5                pom5
                0x00000000200000e6                pom6
                0x00000000200000e8                ADCValueLeft
                0x00000000200000ea                pom10
                0x00000000200000eb                pom3
                0x00000000200000ec                koniec
                0x00000000200000f0                skandal
                0x0000000020000118                pom8
                0x0000000020000119                trasa
                0x000000002000011a                pom4
                0x000000002000011b                dzialanie
 COMMON         0x000000002000011c       0x80 Src/tim.o
                0x000000002000011c                htim3
                0x000000002000015c                htim1
 COMMON         0x000000002000019c       0x80 Src/usart.o
                0x000000002000019c                huart1
                0x00000000200001dc                huart2
                0x000000002000021c                . = ALIGN (0x4)
                0x000000002000021c                _ebss = .
                0x000000002000021c                __bss_end__ = _ebss

._user_heap_stack
                0x000000002000021c      0x604 load address 0x0000000008004048
                0x0000000020000220                . = ALIGN (0x8)
 *fill*         0x000000002000021c        0x4 
                0x0000000020000220                PROVIDE (end = .)
                [!provide]                        PROVIDE (_end = .)
                0x0000000020000420                . = (. + _Min_Heap_Size)
 *fill*         0x0000000020000220      0x200 
                0x0000000020000820                . = (. + _Min_Stack_Size)
 *fill*         0x0000000020000420      0x400 
                0x0000000020000820                . = ALIGN (0x8)

/DISCARD/
 libc.a(*)
 libm.a(*)
 libgcc.a(*)

.ARM.attributes
                0x0000000000000000       0x29
 *(.ARM.attributes)
 .ARM.attributes
                0x0000000000000000       0x1d c:/st/stm32cubeide_1.2.0/stm32cubeide/plugins/com.st.stm32cube.ide.mcu.externaltools.gnu-tools-for-stm32.7-2018-q2-update.win32_1.0.0.201904181610/tools/bin/../lib/gcc/arm-none-eabi/7.3.1/thumb/v7-m/crti.o
 .ARM.attributes
                0x000000000000001d       0x2d c:/st/stm32cubeide_1.2.0/stm32cubeide/plugins/com.st.stm32cube.ide.mcu.externaltools.gnu-tools-for-stm32.7-2018-q2-update.win32_1.0.0.201904181610/tools/bin/../lib/gcc/arm-none-eabi/7.3.1/thumb/v7-m/crtbegin.o
 .ARM.attributes
                0x000000000000004a       0x33 Drivers/STM32F1xx_HAL_Driver/stm32f1xx_hal.o
 .ARM.attributes
                0x000000000000007d       0x33 Drivers/STM32F1xx_HAL_Driver/stm32f1xx_hal_adc.o
 .ARM.attributes
                0x00000000000000b0       0x33 Drivers/STM32F1xx_HAL_Driver/stm32f1xx_hal_adc_ex.o
 .ARM.attributes
                0x00000000000000e3       0x33 Drivers/STM32F1xx_HAL_Driver/stm32f1xx_hal_cortex.o
 .ARM.attributes
                0x0000000000000116       0x33 Drivers/STM32F1xx_HAL_Driver/stm32f1xx_hal_gpio.o
 .ARM.attributes
                0x0000000000000149       0x33 Drivers/STM32F1xx_HAL_Driver/stm32f1xx_hal_rcc.o
 .ARM.attributes
                0x000000000000017c       0x33 Drivers/STM32F1xx_HAL_Driver/stm32f1xx_hal_rcc_ex.o
 .ARM.attributes
                0x00000000000001af       0x33 Drivers/STM32F1xx_HAL_Driver/stm32f1xx_hal_tim.o
 .ARM.attributes
                0x00000000000001e2       0x33 Drivers/STM32F1xx_HAL_Driver/stm32f1xx_hal_tim_ex.o
 .ARM.attributes
                0x0000000000000215       0x33 Drivers/STM32F1xx_HAL_Driver/stm32f1xx_hal_uart.o
 .ARM.attributes
                0x0000000000000248       0x33 Src/adc.o
 .ARM.attributes
                0x000000000000027b       0x33 Src/gpio.o
 .ARM.attributes
                0x00000000000002ae       0x33 Src/main.o
 .ARM.attributes
                0x00000000000002e1       0x33 Src/stm32f1xx_hal_msp.o
 .ARM.attributes
                0x0000000000000314       0x33 Src/stm32f1xx_it.o
 .ARM.attributes
                0x0000000000000347       0x33 Src/system_stm32f1xx.o
 .ARM.attributes
                0x000000000000037a       0x33 Src/tim.o
 .ARM.attributes
                0x00000000000003ad       0x33 Src/usart.o
 .ARM.attributes
                0x00000000000003e0       0x21 Startup/startup_stm32f103rbtx.o
 .ARM.attributes
                0x0000000000000401       0x2d c:/st/stm32cubeide_1.2.0/stm32cubeide/plugins/com.st.stm32cube.ide.mcu.externaltools.gnu-tools-for-stm32.7-2018-q2-update.win32_1.0.0.201904181610/tools/bin/../lib/gcc/arm-none-eabi/7.3.1/../../../../arm-none-eabi/lib/thumb/v7-m\libc_nano.a(lib_a-init.o)
 .ARM.attributes
                0x000000000000042e       0x2d c:/st/stm32cubeide_1.2.0/stm32cubeide/plugins/com.st.stm32cube.ide.mcu.externaltools.gnu-tools-for-stm32.7-2018-q2-update.win32_1.0.0.201904181610/tools/bin/../lib/gcc/arm-none-eabi/7.3.1/../../../../arm-none-eabi/lib/thumb/v7-m\libc_nano.a(lib_a-memset.o)
 .ARM.attributes
                0x000000000000045b       0x1d c:/st/stm32cubeide_1.2.0/stm32cubeide/plugins/com.st.stm32cube.ide.mcu.externaltools.gnu-tools-for-stm32.7-2018-q2-update.win32_1.0.0.201904181610/tools/bin/../lib/gcc/arm-none-eabi/7.3.1/thumb/v7-m/crtn.o
OUTPUT(inzynierka_f103RB.elf elf32-littlearm)

.debug_info     0x0000000000000000     0xbb94
 .debug_info    0x0000000000000000      0x6fe Drivers/STM32F1xx_HAL_Driver/stm32f1xx_hal.o
 .debug_info    0x00000000000006fe      0xc61 Drivers/STM32F1xx_HAL_Driver/stm32f1xx_hal_adc.o
 .debug_info    0x000000000000135f      0x9fb Drivers/STM32F1xx_HAL_Driver/stm32f1xx_hal_adc_ex.o
 .debug_info    0x0000000000001d5a      0xb46 Drivers/STM32F1xx_HAL_Driver/stm32f1xx_hal_cortex.o
 .debug_info    0x00000000000028a0      0x681 Drivers/STM32F1xx_HAL_Driver/stm32f1xx_hal_gpio.o
 .debug_info    0x0000000000002f21      0x804 Drivers/STM32F1xx_HAL_Driver/stm32f1xx_hal_rcc.o
 .debug_info    0x0000000000003725      0x439 Drivers/STM32F1xx_HAL_Driver/stm32f1xx_hal_rcc_ex.o
 .debug_info    0x0000000000003b5e     0x2456 Drivers/STM32F1xx_HAL_Driver/stm32f1xx_hal_tim.o
 .debug_info    0x0000000000005fb4     0x1104 Drivers/STM32F1xx_HAL_Driver/stm32f1xx_hal_tim_ex.o
 .debug_info    0x00000000000070b8     0x11e3 Drivers/STM32F1xx_HAL_Driver/stm32f1xx_hal_uart.o
 .debug_info    0x000000000000829b      0x8e4 Src/adc.o
 .debug_info    0x0000000000008b7f      0x4b4 Src/gpio.o
 .debug_info    0x0000000000009033      0xf2b Src/main.o
 .debug_info    0x0000000000009f5e      0x2cb Src/stm32f1xx_hal_msp.o
 .debug_info    0x000000000000a229      0x221 Src/stm32f1xx_it.o
 .debug_info    0x000000000000a44a      0x433 Src/system_stm32f1xx.o
 .debug_info    0x000000000000a87d      0xaec Src/tim.o
 .debug_info    0x000000000000b369      0x809 Src/usart.o
 .debug_info    0x000000000000bb72       0x22 Startup/startup_stm32f103rbtx.o

.debug_abbrev   0x0000000000000000     0x1fbe
 .debug_abbrev  0x0000000000000000      0x1d8 Drivers/STM32F1xx_HAL_Driver/stm32f1xx_hal.o
 .debug_abbrev  0x00000000000001d8      0x1d5 Drivers/STM32F1xx_HAL_Driver/stm32f1xx_hal_adc.o
 .debug_abbrev  0x00000000000003ad      0x1f5 Drivers/STM32F1xx_HAL_Driver/stm32f1xx_hal_adc_ex.o
 .debug_abbrev  0x00000000000005a2      0x2d5 Drivers/STM32F1xx_HAL_Driver/stm32f1xx_hal_cortex.o
 .debug_abbrev  0x0000000000000877      0x1c0 Drivers/STM32F1xx_HAL_Driver/stm32f1xx_hal_gpio.o
 .debug_abbrev  0x0000000000000a37      0x243 Drivers/STM32F1xx_HAL_Driver/stm32f1xx_hal_rcc.o
 .debug_abbrev  0x0000000000000c7a      0x175 Drivers/STM32F1xx_HAL_Driver/stm32f1xx_hal_rcc_ex.o
 .debug_abbrev  0x0000000000000def      0x230 Drivers/STM32F1xx_HAL_Driver/stm32f1xx_hal_tim.o
 .debug_abbrev  0x000000000000101f      0x21e Drivers/STM32F1xx_HAL_Driver/stm32f1xx_hal_tim_ex.o
 .debug_abbrev  0x000000000000123d      0x242 Drivers/STM32F1xx_HAL_Driver/stm32f1xx_hal_uart.o
 .debug_abbrev  0x000000000000147f      0x199 Src/adc.o
 .debug_abbrev  0x0000000000001618      0x13d Src/gpio.o
 .debug_abbrev  0x0000000000001755      0x1f7 Src/main.o
 .debug_abbrev  0x000000000000194c      0x109 Src/stm32f1xx_hal_msp.o
 .debug_abbrev  0x0000000000001a55       0xc6 Src/stm32f1xx_it.o
 .debug_abbrev  0x0000000000001b1b      0x134 Src/system_stm32f1xx.o
 .debug_abbrev  0x0000000000001c4f      0x1c4 Src/tim.o
 .debug_abbrev  0x0000000000001e13      0x199 Src/usart.o
 .debug_abbrev  0x0000000000001fac       0x12 Startup/startup_stm32f103rbtx.o

.debug_aranges  0x0000000000000000      0xd28
 .debug_aranges
                0x0000000000000000       0xe0 Drivers/STM32F1xx_HAL_Driver/stm32f1xx_hal.o
 .debug_aranges
                0x00000000000000e0       0xf0 Drivers/STM32F1xx_HAL_Driver/stm32f1xx_hal_adc.o
 .debug_aranges
                0x00000000000001d0       0x80 Drivers/STM32F1xx_HAL_Driver/stm32f1xx_hal_adc_ex.o
 .debug_aranges
                0x0000000000000250      0x100 Drivers/STM32F1xx_HAL_Driver/stm32f1xx_hal_cortex.o
 .debug_aranges
                0x0000000000000350       0x58 Drivers/STM32F1xx_HAL_Driver/stm32f1xx_hal_gpio.o
 .debug_aranges
                0x00000000000003a8       0x90 Drivers/STM32F1xx_HAL_Driver/stm32f1xx_hal_rcc.o
 .debug_aranges
                0x0000000000000438       0x30 Drivers/STM32F1xx_HAL_Driver/stm32f1xx_hal_rcc_ex.o
 .debug_aranges
                0x0000000000000468      0x3a8 Drivers/STM32F1xx_HAL_Driver/stm32f1xx_hal_tim.o
 .debug_aranges
                0x0000000000000810      0x150 Drivers/STM32F1xx_HAL_Driver/stm32f1xx_hal_tim_ex.o
 .debug_aranges
                0x0000000000000960      0x1d0 Drivers/STM32F1xx_HAL_Driver/stm32f1xx_hal_uart.o
 .debug_aranges
                0x0000000000000b30       0x38 Src/adc.o
 .debug_aranges
                0x0000000000000b68       0x20 Src/gpio.o
 .debug_aranges
                0x0000000000000b88       0x50 Src/main.o
 .debug_aranges
                0x0000000000000bd8       0x20 Src/stm32f1xx_hal_msp.o
 .debug_aranges
                0x0000000000000bf8       0x68 Src/stm32f1xx_it.o
 .debug_aranges
                0x0000000000000c60       0x28 Src/system_stm32f1xx.o
 .debug_aranges
                0x0000000000000c88       0x40 Src/tim.o
 .debug_aranges
                0x0000000000000cc8       0x38 Src/usart.o
 .debug_aranges
                0x0000000000000d00       0x28 Startup/startup_stm32f103rbtx.o

.debug_ranges   0x0000000000000000      0xc00
 .debug_ranges  0x0000000000000000       0xd0 Drivers/STM32F1xx_HAL_Driver/stm32f1xx_hal.o
 .debug_ranges  0x00000000000000d0       0xe0 Drivers/STM32F1xx_HAL_Driver/stm32f1xx_hal_adc.o
 .debug_ranges  0x00000000000001b0       0x70 Drivers/STM32F1xx_HAL_Driver/stm32f1xx_hal_adc_ex.o
 .debug_ranges  0x0000000000000220       0xf0 Drivers/STM32F1xx_HAL_Driver/stm32f1xx_hal_cortex.o
 .debug_ranges  0x0000000000000310       0x48 Drivers/STM32F1xx_HAL_Driver/stm32f1xx_hal_gpio.o
 .debug_ranges  0x0000000000000358       0x80 Drivers/STM32F1xx_HAL_Driver/stm32f1xx_hal_rcc.o
 .debug_ranges  0x00000000000003d8       0x20 Drivers/STM32F1xx_HAL_Driver/stm32f1xx_hal_rcc_ex.o
 .debug_ranges  0x00000000000003f8      0x398 Drivers/STM32F1xx_HAL_Driver/stm32f1xx_hal_tim.o
 .debug_ranges  0x0000000000000790      0x140 Drivers/STM32F1xx_HAL_Driver/stm32f1xx_hal_tim_ex.o
 .debug_ranges  0x00000000000008d0      0x1c0 Drivers/STM32F1xx_HAL_Driver/stm32f1xx_hal_uart.o
 .debug_ranges  0x0000000000000a90       0x28 Src/adc.o
 .debug_ranges  0x0000000000000ab8       0x10 Src/gpio.o
 .debug_ranges  0x0000000000000ac8       0x40 Src/main.o
 .debug_ranges  0x0000000000000b08       0x10 Src/stm32f1xx_hal_msp.o
 .debug_ranges  0x0000000000000b18       0x58 Src/stm32f1xx_it.o
 .debug_ranges  0x0000000000000b70       0x18 Src/system_stm32f1xx.o
 .debug_ranges  0x0000000000000b88       0x30 Src/tim.o
 .debug_ranges  0x0000000000000bb8       0x28 Src/usart.o
 .debug_ranges  0x0000000000000be0       0x20 Startup/startup_stm32f103rbtx.o

.debug_macro    0x0000000000000000    0x14882
 .debug_macro   0x0000000000000000      0x1d2 Drivers/STM32F1xx_HAL_Driver/stm32f1xx_hal.o
 .debug_macro   0x00000000000001d2      0xa5a Drivers/STM32F1xx_HAL_Driver/stm32f1xx_hal.o
 .debug_macro   0x0000000000000c2c      0x221 Drivers/STM32F1xx_HAL_Driver/stm32f1xx_hal.o
 .debug_macro   0x0000000000000e4d       0x2e Drivers/STM32F1xx_HAL_Driver/stm32f1xx_hal.o
 .debug_macro   0x0000000000000e7b       0x22 Drivers/STM32F1xx_HAL_Driver/stm32f1xx_hal.o
 .debug_macro   0x0000000000000e9d       0x22 Drivers/STM32F1xx_HAL_Driver/stm32f1xx_hal.o
 .debug_macro   0x0000000000000ebf       0x8e Drivers/STM32F1xx_HAL_Driver/stm32f1xx_hal.o
 .debug_macro   0x0000000000000f4d       0x51 Drivers/STM32F1xx_HAL_Driver/stm32f1xx_hal.o
 .debug_macro   0x0000000000000f9e       0xef Drivers/STM32F1xx_HAL_Driver/stm32f1xx_hal.o
 .debug_macro   0x000000000000108d       0x6a Drivers/STM32F1xx_HAL_Driver/stm32f1xx_hal.o
 .debug_macro   0x00000000000010f7      0x1df Drivers/STM32F1xx_HAL_Driver/stm32f1xx_hal.o
 .debug_macro   0x00000000000012d6       0x1c Drivers/STM32F1xx_HAL_Driver/stm32f1xx_hal.o
 .debug_macro   0x00000000000012f2       0x22 Drivers/STM32F1xx_HAL_Driver/stm32f1xx_hal.o
 .debug_macro   0x0000000000001314       0xc3 Drivers/STM32F1xx_HAL_Driver/stm32f1xx_hal.o
 .debug_macro   0x00000000000013d7      0xd23 Drivers/STM32F1xx_HAL_Driver/stm32f1xx_hal.o
 .debug_macro   0x00000000000020fa     0xe09e Drivers/STM32F1xx_HAL_Driver/stm32f1xx_hal.o
 .debug_macro   0x0000000000010198       0x43 Drivers/STM32F1xx_HAL_Driver/stm32f1xx_hal.o
 .debug_macro   0x00000000000101db      0x174 Drivers/STM32F1xx_HAL_Driver/stm32f1xx_hal.o
 .debug_macro   0x000000000001034f       0x5a Drivers/STM32F1xx_HAL_Driver/stm32f1xx_hal.o
 .debug_macro   0x00000000000103a9      0x5be Drivers/STM32F1xx_HAL_Driver/stm32f1xx_hal.o
 .debug_macro   0x0000000000010967      0x289 Drivers/STM32F1xx_HAL_Driver/stm32f1xx_hal.o
 .debug_macro   0x0000000000010bf0      0x1cb Drivers/STM32F1xx_HAL_Driver/stm32f1xx_hal.o
 .debug_macro   0x0000000000010dbb      0x114 Drivers/STM32F1xx_HAL_Driver/stm32f1xx_hal.o
 .debug_macro   0x0000000000010ecf      0x1b2 Drivers/STM32F1xx_HAL_Driver/stm32f1xx_hal.o
 .debug_macro   0x0000000000011081       0x27 Drivers/STM32F1xx_HAL_Driver/stm32f1xx_hal.o
 .debug_macro   0x00000000000110a8      0x136 Drivers/STM32F1xx_HAL_Driver/stm32f1xx_hal.o
 .debug_macro   0x00000000000111de      0x1bc Drivers/STM32F1xx_HAL_Driver/stm32f1xx_hal.o
 .debug_macro   0x000000000001139a       0x34 Drivers/STM32F1xx_HAL_Driver/stm32f1xx_hal.o
 .debug_macro   0x00000000000113ce       0x3c Drivers/STM32F1xx_HAL_Driver/stm32f1xx_hal.o
 .debug_macro   0x000000000001140a       0x57 Drivers/STM32F1xx_HAL_Driver/stm32f1xx_hal.o
 .debug_macro   0x0000000000011461      0x46a Drivers/STM32F1xx_HAL_Driver/stm32f1xx_hal.o
 .debug_macro   0x00000000000118cb      0x1b5 Drivers/STM32F1xx_HAL_Driver/stm32f1xx_hal.o
 .debug_macro   0x0000000000011a80       0x88 Drivers/STM32F1xx_HAL_Driver/stm32f1xx_hal.o
 .debug_macro   0x0000000000011b08      0x241 Drivers/STM32F1xx_HAL_Driver/stm32f1xx_hal.o
 .debug_macro   0x0000000000011d49      0x141 Drivers/STM32F1xx_HAL_Driver/stm32f1xx_hal.o
 .debug_macro   0x0000000000011e8a      0x88b Drivers/STM32F1xx_HAL_Driver/stm32f1xx_hal.o
 .debug_macro   0x0000000000012715      0x26b Drivers/STM32F1xx_HAL_Driver/stm32f1xx_hal.o
 .debug_macro   0x0000000000012980       0x83 Drivers/STM32F1xx_HAL_Driver/stm32f1xx_hal.o
 .debug_macro   0x0000000000012a03      0x1cb Drivers/STM32F1xx_HAL_Driver/stm32f1xx_hal_adc.o
 .debug_macro   0x0000000000012bce      0x1c0 Drivers/STM32F1xx_HAL_Driver/stm32f1xx_hal_adc_ex.o
 .debug_macro   0x0000000000012d8e      0x1ae Drivers/STM32F1xx_HAL_Driver/stm32f1xx_hal_cortex.o
 .debug_macro   0x0000000000012f3c      0x219 Drivers/STM32F1xx_HAL_Driver/stm32f1xx_hal_gpio.o
 .debug_macro   0x0000000000013155      0x1c0 Drivers/STM32F1xx_HAL_Driver/stm32f1xx_hal_rcc.o
 .debug_macro   0x0000000000013315      0x1ae Drivers/STM32F1xx_HAL_Driver/stm32f1xx_hal_rcc_ex.o
 .debug_macro   0x00000000000134c3      0x1af Drivers/STM32F1xx_HAL_Driver/stm32f1xx_hal_tim.o
 .debug_macro   0x0000000000013672      0x1ae Drivers/STM32F1xx_HAL_Driver/stm32f1xx_hal_tim_ex.o
 .debug_macro   0x0000000000013820      0x1af Drivers/STM32F1xx_HAL_Driver/stm32f1xx_hal_uart.o
 .debug_macro   0x00000000000139cf      0x1c7 Src/adc.o
 .debug_macro   0x0000000000013b96       0x76 Src/adc.o
 .debug_macro   0x0000000000013c0c      0x1c7 Src/gpio.o
 .debug_macro   0x0000000000013dd3      0x1e9 Src/main.o
 .debug_macro   0x0000000000013fbc      0x1bd Src/stm32f1xx_hal_msp.o
 .debug_macro   0x0000000000014179      0x1c7 Src/stm32f1xx_it.o
 .debug_macro   0x0000000000014340      0x1b4 Src/system_stm32f1xx.o
 .debug_macro   0x00000000000144f4      0x1c7 Src/tim.o
 .debug_macro   0x00000000000146bb      0x1c7 Src/usart.o

.debug_line     0x0000000000000000     0xb709
 .debug_line    0x0000000000000000      0x91f Drivers/STM32F1xx_HAL_Driver/stm32f1xx_hal.o
 .debug_line    0x000000000000091f      0xc71 Drivers/STM32F1xx_HAL_Driver/stm32f1xx_hal_adc.o
 .debug_line    0x0000000000001590      0xab5 Drivers/STM32F1xx_HAL_Driver/stm32f1xx_hal_adc_ex.o
 .debug_line    0x0000000000002045      0x9f8 Drivers/STM32F1xx_HAL_Driver/stm32f1xx_hal_cortex.o
 .debug_line    0x0000000000002a3d      0x91f Drivers/STM32F1xx_HAL_Driver/stm32f1xx_hal_gpio.o
 .debug_line    0x000000000000335c      0x9e1 Drivers/STM32F1xx_HAL_Driver/stm32f1xx_hal_rcc.o
 .debug_line    0x0000000000003d3d      0x7ff Drivers/STM32F1xx_HAL_Driver/stm32f1xx_hal_rcc_ex.o
 .debug_line    0x000000000000453c     0x17e5 Drivers/STM32F1xx_HAL_Driver/stm32f1xx_hal_tim.o
 .debug_line    0x0000000000005d21      0xd32 Drivers/STM32F1xx_HAL_Driver/stm32f1xx_hal_tim_ex.o
 .debug_line    0x0000000000006a53     0x102a Drivers/STM32F1xx_HAL_Driver/stm32f1xx_hal_uart.o
 .debug_line    0x0000000000007a7d      0x779 Src/adc.o
 .debug_line    0x00000000000081f6      0x719 Src/gpio.o
 .debug_line    0x000000000000890f      0x85c Src/main.o
 .debug_line    0x000000000000916b      0x709 Src/stm32f1xx_hal_msp.o
 .debug_line    0x0000000000009874      0x7be Src/stm32f1xx_it.o
 .debug_line    0x000000000000a032      0x739 Src/system_stm32f1xx.o
 .debug_line    0x000000000000a76b      0x7ae Src/tim.o
 .debug_line    0x000000000000af19      0x771 Src/usart.o
 .debug_line    0x000000000000b68a       0x7f Startup/startup_stm32f103rbtx.o

.debug_str      0x0000000000000000    0x72eee
 .debug_str     0x0000000000000000    0x6f6c9 Drivers/STM32F1xx_HAL_Driver/stm32f1xx_hal.o
                                      0x6fa01 (size before relaxing)
 .debug_str     0x000000000006f6c9      0x66d Drivers/STM32F1xx_HAL_Driver/stm32f1xx_hal_adc.o
                                      0x6fa06 (size before relaxing)
 .debug_str     0x000000000006fd36      0x334 Drivers/STM32F1xx_HAL_Driver/stm32f1xx_hal_adc_ex.o
                                      0x6f9bb (size before relaxing)
 .debug_str     0x000000000007006a      0x35f Drivers/STM32F1xx_HAL_Driver/stm32f1xx_hal_cortex.o
                                      0x6fa0f (size before relaxing)
 .debug_str     0x00000000000703c9      0x3e2 Drivers/STM32F1xx_HAL_Driver/stm32f1xx_hal_gpio.o
                                      0x6f73a (size before relaxing)
 .debug_str     0x00000000000707ab      0x3ac Drivers/STM32F1xx_HAL_Driver/stm32f1xx_hal_rcc.o
                                      0x6f773 (size before relaxing)
 .debug_str     0x0000000000070b57      0x164 Drivers/STM32F1xx_HAL_Driver/stm32f1xx_hal_rcc_ex.o
                                      0x6f500 (size before relaxing)
 .debug_str     0x0000000000070cbb      0xff0 Drivers/STM32F1xx_HAL_Driver/stm32f1xx_hal_tim.o
                                      0x7053e (size before relaxing)
 .debug_str     0x0000000000071cab      0x5b2 Drivers/STM32F1xx_HAL_Driver/stm32f1xx_hal_tim_ex.o
                                      0x6fd3e (size before relaxing)
 .debug_str     0x000000000007225d      0x716 Drivers/STM32F1xx_HAL_Driver/stm32f1xx_hal_uart.o
                                      0x6fc62 (size before relaxing)
 .debug_str     0x0000000000072973      0x1fc Src/adc.o
                                      0x6f97b (size before relaxing)
 .debug_str     0x0000000000072b6f       0x25 Src/gpio.o
                                      0x6f804 (size before relaxing)
 .debug_str     0x0000000000072b94      0x138 Src/main.o
                                      0x6fe21 (size before relaxing)
 .debug_str     0x0000000000072ccc       0x1b Src/stm32f1xx_hal_msp.o
                                      0x6f4e7 (size before relaxing)
 .debug_str     0x0000000000072ce7       0xcd Src/stm32f1xx_it.o
                                      0x6f52d (size before relaxing)
 .debug_str     0x0000000000072db4       0x69 Src/system_stm32f1xx.o
                                      0x6f3b2 (size before relaxing)
 .debug_str     0x0000000000072e1d       0x5e Src/tim.o
                                      0x6fb2f (size before relaxing)
 .debug_str     0x0000000000072e7b       0x42 Src/usart.o
                                      0x6f915 (size before relaxing)
 .debug_str     0x0000000000072ebd       0x31 Startup/startup_stm32f103rbtx.o
                                         0x6f (size before relaxing)

.comment        0x0000000000000000       0x7b
 .comment       0x0000000000000000       0x7b Drivers/STM32F1xx_HAL_Driver/stm32f1xx_hal.o
                                         0x7c (size before relaxing)
 .comment       0x000000000000007b       0x7c Drivers/STM32F1xx_HAL_Driver/stm32f1xx_hal_adc.o
 .comment       0x000000000000007b       0x7c Drivers/STM32F1xx_HAL_Driver/stm32f1xx_hal_adc_ex.o
 .comment       0x000000000000007b       0x7c Drivers/STM32F1xx_HAL_Driver/stm32f1xx_hal_cortex.o
 .comment       0x000000000000007b       0x7c Drivers/STM32F1xx_HAL_Driver/stm32f1xx_hal_gpio.o
 .comment       0x000000000000007b       0x7c Drivers/STM32F1xx_HAL_Driver/stm32f1xx_hal_rcc.o
 .comment       0x000000000000007b       0x7c Drivers/STM32F1xx_HAL_Driver/stm32f1xx_hal_rcc_ex.o
 .comment       0x000000000000007b       0x7c Drivers/STM32F1xx_HAL_Driver/stm32f1xx_hal_tim.o
 .comment       0x000000000000007b       0x7c Drivers/STM32F1xx_HAL_Driver/stm32f1xx_hal_tim_ex.o
 .comment       0x000000000000007b       0x7c Drivers/STM32F1xx_HAL_Driver/stm32f1xx_hal_uart.o
 .comment       0x000000000000007b       0x7c Src/adc.o
 .comment       0x000000000000007b       0x7c Src/gpio.o
 .comment       0x000000000000007b       0x7c Src/main.o
 .comment       0x000000000000007b       0x7c Src/stm32f1xx_hal_msp.o
 .comment       0x000000000000007b       0x7c Src/stm32f1xx_it.o
 .comment       0x000000000000007b       0x7c Src/system_stm32f1xx.o
 .comment       0x000000000000007b       0x7c Src/tim.o
 .comment       0x000000000000007b       0x7c Src/usart.o

.debug_frame    0x0000000000000000     0x3564
 .debug_frame   0x0000000000000000      0x334 Drivers/STM32F1xx_HAL_Driver/stm32f1xx_hal.o
 .debug_frame   0x0000000000000334      0x40c Drivers/STM32F1xx_HAL_Driver/stm32f1xx_hal_adc.o
 .debug_frame   0x0000000000000740      0x204 Drivers/STM32F1xx_HAL_Driver/stm32f1xx_hal_adc_ex.o
 .debug_frame   0x0000000000000944      0x428 Drivers/STM32F1xx_HAL_Driver/stm32f1xx_hal_cortex.o
 .debug_frame   0x0000000000000d6c      0x14c Drivers/STM32F1xx_HAL_Driver/stm32f1xx_hal_gpio.o
 .debug_frame   0x0000000000000eb8      0x21c Drivers/STM32F1xx_HAL_Driver/stm32f1xx_hal_rcc.o
 .debug_frame   0x00000000000010d4       0x84 Drivers/STM32F1xx_HAL_Driver/stm32f1xx_hal_rcc_ex.o
 .debug_frame   0x0000000000001158     0x10e8 Drivers/STM32F1xx_HAL_Driver/stm32f1xx_hal_tim.o
 .debug_frame   0x0000000000002240      0x5c0 Drivers/STM32F1xx_HAL_Driver/stm32f1xx_hal_tim_ex.o
 .debug_frame   0x0000000000002800      0x834 Drivers/STM32F1xx_HAL_Driver/stm32f1xx_hal_uart.o
 .debug_frame   0x0000000000003034       0xa0 Src/adc.o
 .debug_frame   0x00000000000030d4       0x34 Src/gpio.o
 .debug_frame   0x0000000000003108       0xfc Src/main.o
 .debug_frame   0x0000000000003204       0x38 Src/stm32f1xx_hal_msp.o
 .debug_frame   0x000000000000323c      0x128 Src/stm32f1xx_it.o
 .debug_frame   0x0000000000003364       0x58 Src/system_stm32f1xx.o
 .debug_frame   0x00000000000033bc       0xcc Src/tim.o
 .debug_frame   0x0000000000003488       0x90 Src/usart.o
 .debug_frame   0x0000000000003518       0x2c c:/st/stm32cubeide_1.2.0/stm32cubeide/plugins/com.st.stm32cube.ide.mcu.externaltools.gnu-tools-for-stm32.7-2018-q2-update.win32_1.0.0.201904181610/tools/bin/../lib/gcc/arm-none-eabi/7.3.1/../../../../arm-none-eabi/lib/thumb/v7-m\libc_nano.a(lib_a-init.o)
 .debug_frame   0x0000000000003544       0x20 c:/st/stm32cubeide_1.2.0/stm32cubeide/plugins/com.st.stm32cube.ide.mcu.externaltools.gnu-tools-for-stm32.7-2018-q2-update.win32_1.0.0.201904181610/tools/bin/../lib/gcc/arm-none-eabi/7.3.1/../../../../arm-none-eabi/lib/thumb/v7-m\libc_nano.a(lib_a-memset.o)
